// Jest Snapshot v1, https://goo.gl/fbAQLP

exports[`shouldd render dashboard 1`] = `
<div>
  <Connect(ExpensesAmountTotal) />
  <Connect(ExpenseListFilters) />
  <Connect(ExpenseList) />
</div>
`;
